{
    "resourceLogs": [
        {
            "resource": {
                "attributes": [
                    {
                        "key": "mongodbatlas.group.id",
                        "value": {
                            "stringValue": "REDACTED-group"
                        }
                    },
                    {
                        "key": "mongodbatlas.alert.config.id",
                        "value": {
                            "stringValue": "REDACTED-alert"
                        }
                    },
                    {
                        "key": "mongodbatlas.cluster.name",
                        "value": {
                            "stringValue": "Cluster0"
                        }
                    },
                    {
                        "key": "mongodbatlas.replica_set.name",
                        "value": {
                            "stringValue": "REDACTED-shard-0"
                        }
                    }
                ]
            },
            "scopeLogs": [
                {
                    "scope": {},
                    "logRecords": [
                        {
                            "timeUnixNano": "1654288714000000000",
                            "observedTimeUnixNano": "1654883723701540000",
                            "severityNumber": "SEVERITY_NUMBER_INFO",
                            "body": {
                                "stringValue": "{\n    \"replicaSetName\": \"REDACTED-shard-0\",\n    \"metricName\": \"CONNECTIONS\",\n    \"acknowledgedUntil\": \"2022-06-03T20:45:56Z\",\n    \"created\": \"2022-06-03T19:43:40Z\",\n    \"acknowledgingUsername\": \"REDACTED@gmail.com\",\n    \"groupId\": \"REDACTED-group\",\n    \"typeName\": \"HOST_METRIC\",\n    \"hostnameAndPort\": \"REDACTED-shard-00-02.f1eir.mongodb.net:27017\",\n    \"humanReadable\": \"Project: Project 0\\n\\nOrganization: REDACTED\u0026#x27;s Org - 2022-05-31\\n\\n----------------------------------------\\n\\nCLOSED\\nConnections has gone above 0 \\ncluster0-shard-00-02.f1eir.mongodb.net\\nCreated: 2022/06/03 19:43 GMT\\nReplica Set: REDACTED-shard-0\\nType: Secondary\\nCurrent Value: 0 \\n\\n----------------------------------------\\n\\n\",\n    \"acknowledgementComment\": \"Test\",\n    \"alertConfigId\": \"REDACTED-alert\",\n    \"clusterName\": \"Cluster0\",\n    \"userAlias\": \"cluster0-shard-00-02.f1eir.mongodb.net\",\n    \"eventTypeName\": \"OUTSIDE_METRIC_THRESHOLD\",\n    \"links\": [\n        {\n            \"rel\": \"self\",\n            \"href\": \"https://cloud.mongodb.com/api/atlas/v1.0/groups/REDACTED-group/alerts/629a646c75d64f1902578ff7\"\n        }\n    ],\n    \"id\": \"629a646c75d64f1902578ff7\",\n    \"lastNotified\": \"2022-06-03T19:45:57Z\",\n    \"updated\": \"2022-06-03T20:38:34Z\",\n    \"currentValue\": {\n        \"number\": 0,\n        \"units\": \"RAW\"\n    },\n    \"resolved\": \"2022-06-03T20:38:34Z\",\n    \"status\": \"CLOSED\"\n}\n"
                            },
                            "attributes": [
                                {
                                    "key": "event.domain",
                                    "value": {
                                        "stringValue": "mongodbatlas"
                                    }
                                },
                                {
                                    "key": "event.name",
                                    "value": {
                                        "stringValue": "OUTSIDE_METRIC_THRESHOLD"
                                    }
                                },
                                {
                                    "key": "message",
                                    "value": {
                                        "stringValue": "Project: Project 0\n\nOrganization: REDACTED\u0026#x27;s Org - 2022-05-31\n\n----------------------------------------\n\nCLOSED\nConnections has gone above 0 \ncluster0-shard-00-02.f1eir.mongodb.net\nCreated: 2022/06/03 19:43 GMT\nReplica Set: REDACTED-shard-0\nType: Secondary\nCurrent Value: 0 \n\n----------------------------------------\n\n"
                                    }
                                },
                                {
                                    "key": "status",
                                    "value": {
                                        "stringValue": "CLOSED"
                                    }
                                },
                                {
                                    "key": "created",
                                    "value": {
                                        "stringValue": "2022-06-03T19:43:40Z"
                                    }
                                },
                                {
                                    "key": "updated",
                                    "value": {
                                        "stringValue": "2022-06-03T20:38:34Z"
                                    }
                                },
                                {
                                    "key": "id",
                                    "value": {
                                        "stringValue": "629a646c75d64f1902578ff7"
                                    }
                                },
                                {
                                    "key": "metric.name",
                                    "value": {
                                        "stringValue": "CONNECTIONS"
                                    }
                                },
                                {
                                    "key": "type_name",
                                    "value": {
                                        "stringValue": "HOST_METRIC"
                                    }
                                },
                                {
                                    "key": "user_alias",
                                    "value": {
                                        "stringValue": "cluster0-shard-00-02.f1eir.mongodb.net"
                                    }
                                },
                                {
                                    "key": "last_notified",
                                    "value": {
                                        "stringValue": "2022-06-03T19:45:57Z"
                                    }
                                },
                                {
                                    "key": "resolved",
                                    "value": {
                                        "stringValue": "2022-06-03T20:38:34Z"
                                    }
                                },
                                {
                                    "key": "acknowledgement.comment",
                                    "value": {
                                        "stringValue": "Test"
                                    }
                                },
                                {
                                    "key": "acknowledgement.username",
                                    "value": {
                                        "stringValue": "REDACTED@gmail.com"
                                    }
                                },
                                {
                                    "key": "acknowledgement.until",
                                    "value": {
                                        "stringValue": "2022-06-03T20:45:56Z"
                                    }
                                },
                                {
                                    "key": "metric.value",
                                    "value": {
                                        "doubleValue": 0
                                    }
                                },
                                {
                                    "key": "metric.units",
                                    "value": {
                                        "stringValue": "RAW"
                                    }
                                },
                                {
                                    "key": "net.peer.name",
                                    "value": {
                                        "stringValue": "REDACTED-shard-00-02.f1eir.mongodb.net"
                                    }
                                },
                                {
                                    "key": "net.peer.port",
                                    "value": {
                                        "intValue": "27017"
                                    }
                                }
                            ],
                            "traceId": "",
                            "spanId": ""
                        }
                    ]
                }
            ]
        }
    ]
}
